#-------------------------------------------------------------------------------
# Used to define html application
#-------------------------------------------------------------------------------
[ApplicationConstants]
GOJS_MINIMAL_URL="http://www.gojs.net/latest/samples/minimal.html"
THOMAS_BAYER_URL="http://www.thomas-bayer.com"
THOMAS_BAYER_SQLREST_URL="http://www.thomas-bayer.com/sqlrest/"
THOMAS_BAYER_SQLREST_CUSTOMER_URL="http://www.thomas-bayer.com/sqlrest/CUSTOMER/"
THOMAS_BAYER_SQLREST_INVOICE_URL="http://www.thomas-bayer.com/sqlrest/INVOICE/"
THOMAS_BAYER_SQLREST_ITEM_URL="http://www.thomas-bayer.com/sqlrest/ITEM/"
THOMAS_BAYER_SQLREST_PRODUCT_URL="http://www.thomas-bayer.com/sqlrest/PRODUCT/"

HtmlLinkTargetPageURL="http://www.w3schools.com/tags/tryit.asp?filename=tryhtml_link_target"
InternalTestLinkPageURL="http://safsdev/Test/testlink.htm"
InternalSecondPageURL="http://safsdev/Test/secondpage.htm"

W3CAlertURL="http://www.w3schools.com/jsref/tryit.asp?filename=tryjsref_alert"
W3CConfirmURL="http://www.w3schools.com/jsref/tryit.asp?filename=tryjsref_confirm"
W3CPromptURL="http://www.w3schools.com/jsref/tryit.asp?filename=tryjsref_prompt"

[GoJSSamples]
Diagram="id=myDiagramDiv"
MenuPageFlow="id=menu;\;xpath=//li[.='Page Flow']"
Palette="id=palette"

[ThomasBayerPage]
ThomasBayerPage="xpath=/html/body"

[HtmlLinkTargetPage]
HtmlLinkTargetPage="FRAMEID=iframeResult"
Body="xpath=/html/body"
Link="xpath=/html/body/a"

[W3CPage]
W3CPage="xpath=/html"

[InternalTestLinkPage]
Body="xpath=/html/body"
Link="id=openLinkInNewWindow"

[InternalSecondPage]
InternalSecondPage="xpath=/html"

[W3CAlertPage]
W3CAlertPage="FRAMEID=iframeResult"
Button="xpath=/html/body/button"